// Jest Snapshot v1, https://goo.gl/fbAQLP

exports[`<Grid> should match the snapshot 1`] = `
<div
  className="grid"
/>
`;
