// Jest Snapshot v1, https://goo.gl/fbAQLP

exports[`NavbarDivider should match the snapshot 1`] = `
<hr
  className="boldrui-navbar__divider"
/>
`;
