// Jest Snapshot v1, https://goo.gl/fbAQLP

exports[`<NavbarBrand /> should match the snapshot 1`] = `
<div
  className="boldrui-navbar__brand"
>
  Test
</div>
`;
