// Jest Snapshot v1, https://goo.gl/fbAQLP

exports[`<NavbarMenu /> should match the snapshot 1`] = `
<div
  className="boldr-navbar__menu"
>
  My Nav
</div>
`;
