// Jest Snapshot v1, https://goo.gl/fbAQLP

exports[`<NavbarItem /> should match the snapshot 1`] = `
<div
  className="boldr-navbar__item"
  href="#"
>
  My NavbarItem
</div>
`;
