// Jest Snapshot v1, https://goo.gl/fbAQLP

exports[`<NavbarStart /> should match the snapshot 1`] = `
<div
  className="boldr-navbar__start"
/>
`;
