// Jest Snapshot v1, https://goo.gl/fbAQLP

exports[`<Anchor /> renders snapshot 1`] = `
<a
  className="boldr-link"
  href="/"
  onClick={[Function]}
  title="Home"
/>
`;
