// Jest Snapshot v1, https://goo.gl/fbAQLP

exports[`<Tag /> matches the snapshot 1`] = `
<span
  className="boldr-tag"
  id="a"
  title=""
>
  <span
    className="boldr-typo-4"
  >
    abc
  </span>
  <a
    className="boldr-tag__remove--btn"
    onClick={[Function]}
    onKeyPress={[Function]}
  />
</span>
`;
