// Jest Snapshot v1, https://goo.gl/fbAQLP

exports[`<CenterBlock /> <CenterBlock />, should match the snapshot 1`] = `
<Row
  componentClass="div"
  xsCenter={true}
>
  <Col
    componentClass="div"
    xs={6}
  />
</Row>
`;
