// Jest Snapshot v1, https://goo.gl/fbAQLP

exports[`Container should match the snapshot 1`] = `
<div
  className="boldr-container is-flex"
>
  My Container
</div>
`;
