// Jest Snapshot v1, https://goo.gl/fbAQLP

exports[`<Paper /> matches the snapshot 1`] = `
<div
  className="boldrui-paper boldrui-paper__3"
/>
`;
