// Jest Snapshot v1, https://goo.gl/fbAQLP

exports[`<LevelLeft /> should match the snapshot 1`] = `
<div
  className="boldrui-level__left"
>
  My LevelLeft
</div>
`;
