// Jest Snapshot v1, https://goo.gl/fbAQLP

exports[`<NavAnchor /> renders snapshot 1`] = `
<NavLink
  activeClassName="active"
  className="boldrui-link"
  href="/"
  onClick={[Function]}
  title="Home"
  to="/"
/>
`;
