// Jest Snapshot v1, https://goo.gl/fbAQLP

exports[`<Anchor /> renders snapshot 1`] = `
<Link
  className="boldrui-link"
  href="/"
  onClick={[Function]}
  replace={false}
  title="Home"
  to="/"
/>
`;
